=== TRAIN wave MAX_JOBS=4 t=160 ===
START train EXP_span100ms_fast
START train EXP_span100ms_fast_preinh
START train EXP_span50ms_fast
START train EXP_span50ms_fast_preinh
OK train EXP_span100ms_fast
START train EXP_span25ms_fast
OK train EXP_span100ms_fast_preinh
START train EXP_span25ms_fast_preinh
OK train EXP_span50ms_fast
START train EXP_span25ms_fast_ts10k
OK train EXP_span50ms_fast_preinh
START train EXP_span25ms_fast_preinh_ts10k
OK train EXP_span25ms_fast
OK train EXP_span25ms_fast_preinh
OK train EXP_span25ms_fast_ts10k
OK train EXP_span25ms_fast_preinh_ts10k
=== VERIFY Train Models (D/C) ===
OK Model_00.xml: Dissoc×20=0.002 Cap×20=2.5e-10
OK Model_00.xml: Dissoc×24=0.002 Cap×24=2.5e-10 Inh=2.5
OK Model_00.xml: Dissoc×18=0.002 Cap×18=2.5e-10
OK Model_00.xml: Dissoc×20=0.002 Cap×20=2.5e-10 Inh=2.5
OK Model_00.xml: Dissoc×20=0.002 Cap×20=2.5e-10
OK Model_00.xml: Dissoc×20=0.002 Cap×20=2.5e-10 Inh=2.5
OK Model_00.xml: Dissoc×20=0.002 Cap×20=2.5e-10
OK Model_00.xml: Dissoc×20=0.002 Cap×20=2.5e-10 Inh=2.5
=== SYNC train -> test (fail-hard) ===
sync EXP_span100ms_fast
OK Model_00.xml: Dissoc×20=0.002 Cap×20=2.5e-10
L match: 2 1 2 1
sync EXP_span100ms_fast_preinh
OK Model_00.xml: Dissoc×24=0.002 Cap×24=2.5e-10 Inh=2.5
L match: 3 1 3 1
sync EXP_span50ms_fast
OK Model_00.xml: Dissoc×18=0.002 Cap×18=2.5e-10
L match: 2 1 1 1
sync EXP_span50ms_fast_preinh
OK Model_00.xml: Dissoc×20=0.002 Cap×20=2.5e-10 Inh=2.5
L match: 3 1 1 1
sync EXP_span25ms_fast
OK Model_00.xml: Dissoc×20=0.002 Cap×20=2.5e-10
L match: 3 1 1 1
sync EXP_span25ms_fast_preinh
OK Model_00.xml: Dissoc×20=0.002 Cap×20=2.5e-10 Inh=2.5
L match: 3 1 1 1
sync EXP_span25ms_fast_ts10k
OK Model_00.xml: Dissoc×20=0.002 Cap×20=2.5e-10
L match: 3 1 1 1
sync EXP_span25ms_fast_preinh_ts10k
OK Model_00.xml: Dissoc×20=0.002 Cap×20=2.5e-10 Inh=2.5
L match: 3 1 1 1
=== TEST wave MAX_JOBS=4 t=20 ===
START test EXP_span100ms_fast
START test EXP_span100ms_fast_preinh
START test EXP_span50ms_fast
START test EXP_span50ms_fast_preinh
OK test EXP_span100ms_fast
START test EXP_span25ms_fast
OK test EXP_span100ms_fast_preinh
START test EXP_span25ms_fast_preinh
OK test EXP_span50ms_fast
START test EXP_span25ms_fast_ts10k
OK test EXP_span50ms_fast_preinh
START test EXP_span25ms_fast_preinh_ts10k
OK test EXP_span25ms_fast
OK test EXP_span25ms_fast_preinh
OK test EXP_span25ms_fast_ts10k
OK test EXP_span25ms_fast_preinh_ts10k
EXP_span100ms_fast 1/8 fire_all gate 0
EXP_span100ms_fast_preinh 1/8 fire_all gate 0
EXP_span50ms_fast 1/8 fire_all gate 0
EXP_span50ms_fast_preinh 1/8 fire_all gate 0
EXP_span25ms_fast 1/8 fire_all gate 0
EXP_span25ms_fast_preinh 1/8 fire_all gate 0
EXP_span25ms_fast_ts10k 1/8 fire_all gate 0
EXP_span25ms_fast_preinh_ts10k 1/8 fire_all gate 0
Wrote /home/user/Nmsdk/Bin/Configs/SpikeSamples/StructTrain/SelectivityFastSpan/grid_summary.csv
exp,neuron,span_ms,kind,acc,fn,fp,fires,mode,gate,target_hit,L,FixedLTZ
EXP_span100ms_fast,NSPNeuronGenD002C25e11,100,fast,1/8,0,7,8,fire_all,0,1,2 1 2 1,0.014658995004491577
EXP_span100ms_fast_preinh,NSPNeuronGenPreinh2_5D002C25e11,100,preinh,1/8,0,7,8,fire_all,0,1,3 1 3 1,0.014435107358807781
EXP_span50ms_fast,NSPNeuronGenD002C25e11,50,fast,1/8,0,7,8,fire_all,0,1,2 1 1 1,0.050000000000000003
EXP_span50ms_fast_preinh,NSPNeuronGenPreinh2_5D002C25e11,50,preinh,1/8,0,7,8,fire_all,0,1,3 1 1 1,0.018531745484793184
EXP_span25ms_fast,NSPNeuronGenD002C25e11,25,fast,1/8,0,7,8,fire_all,0,1,3 1 1 1,0.014658995004491577
EXP_span25ms_fast_preinh,NSPNeuronGenPreinh2_5D002C25e11,25,preinh,1/8,0,7,8,fire_all,0,1,3 1 1 1,0.032068136638248895
EXP_span25ms_fast_ts10k,NSPNeuronGenD002C25e11,25,fast_ts10k,1/8,0,7,8,fire_all,0,1,3 1 1 1,0.040000000000000001
EXP_span25ms_fast_preinh_ts10k,NSPNeuronGenPreinh2_5D002C25e11,25,preinh_ts10k,1/8,0,7,8,fire_all,0,1,3 1 1 1,0.040000000000000001
