=== setup EXP_span100ms_fast ===
span=100.0ms alpha=0.208333 SyncTol=0.00416667 PeakMargin=0.00583333 AgreeMin=0.00583333 dmin=0.0166667
patched /home/user/Nmsdk/Bin/Configs/SpikeSamples/StructTrain/SelectivityFastSpan/EXP_span100ms_fast/Train/Parameters_00.xml floor=yes
patched /home/user/Nmsdk/Bin/Configs/SpikeSamples/StructTrain/SelectivityFastSpan/EXP_span100ms_fast/Train/Model_00.xml floor=yes
patched /home/user/Nmsdk/Bin/Configs/SpikeSamples/StructTrain/SelectivityFastSpan/EXP_span100ms_fast/Test/Parameters_00.xml floor=yes
patched /home/user/Nmsdk/Bin/Configs/SpikeSamples/StructTrain/SelectivityFastSpan/EXP_span100ms_fast/Test/Model_00.xml floor=yes
=== setup EXP_span100ms_fast_preinh ===
span=100.0ms alpha=0.208333 SyncTol=0.00416667 PeakMargin=0.00583333 AgreeMin=0.00583333 dmin=0.0166667
patched /home/user/Nmsdk/Bin/Configs/SpikeSamples/StructTrain/SelectivityFastSpan/EXP_span100ms_fast_preinh/Train/Parameters_00.xml floor=yes
patched /home/user/Nmsdk/Bin/Configs/SpikeSamples/StructTrain/SelectivityFastSpan/EXP_span100ms_fast_preinh/Train/Model_00.xml floor=yes
patched /home/user/Nmsdk/Bin/Configs/SpikeSamples/StructTrain/SelectivityFastSpan/EXP_span100ms_fast_preinh/Test/Parameters_00.xml floor=yes
patched /home/user/Nmsdk/Bin/Configs/SpikeSamples/StructTrain/SelectivityFastSpan/EXP_span100ms_fast_preinh/Test/Model_00.xml floor=yes
=== setup EXP_span50ms_fast ===
span=50.0ms alpha=0.104167 SyncTol=0.00208333 PeakMargin=0.00291667 AgreeMin=0.00291667 dmin=0.00833333
patched /home/user/Nmsdk/Bin/Configs/SpikeSamples/StructTrain/SelectivityFastSpan/EXP_span50ms_fast/Train/Parameters_00.xml floor=yes
patched /home/user/Nmsdk/Bin/Configs/SpikeSamples/StructTrain/SelectivityFastSpan/EXP_span50ms_fast/Train/Model_00.xml floor=yes
patched /home/user/Nmsdk/Bin/Configs/SpikeSamples/StructTrain/SelectivityFastSpan/EXP_span50ms_fast/Test/Parameters_00.xml floor=yes
patched /home/user/Nmsdk/Bin/Configs/SpikeSamples/StructTrain/SelectivityFastSpan/EXP_span50ms_fast/Test/Model_00.xml floor=yes
=== setup EXP_span50ms_fast_preinh ===
span=50.0ms alpha=0.104167 SyncTol=0.00208333 PeakMargin=0.00291667 AgreeMin=0.00291667 dmin=0.00833333
patched /home/user/Nmsdk/Bin/Configs/SpikeSamples/StructTrain/SelectivityFastSpan/EXP_span50ms_fast_preinh/Train/Parameters_00.xml floor=yes
patched /home/user/Nmsdk/Bin/Configs/SpikeSamples/StructTrain/SelectivityFastSpan/EXP_span50ms_fast_preinh/Train/Model_00.xml floor=yes
patched /home/user/Nmsdk/Bin/Configs/SpikeSamples/StructTrain/SelectivityFastSpan/EXP_span50ms_fast_preinh/Test/Parameters_00.xml floor=yes
patched /home/user/Nmsdk/Bin/Configs/SpikeSamples/StructTrain/SelectivityFastSpan/EXP_span50ms_fast_preinh/Test/Model_00.xml floor=yes
=== setup EXP_span25ms_fast ===
span=25.0ms alpha=0.0520833 SyncTol=0.0015 PeakMargin=0.002 AgreeMin=0.002 dmin=0.00416667
patched /home/user/Nmsdk/Bin/Configs/SpikeSamples/StructTrain/SelectivityFastSpan/EXP_span25ms_fast/Train/Parameters_00.xml floor=yes
patched /home/user/Nmsdk/Bin/Configs/SpikeSamples/StructTrain/SelectivityFastSpan/EXP_span25ms_fast/Train/Model_00.xml floor=yes
patched /home/user/Nmsdk/Bin/Configs/SpikeSamples/StructTrain/SelectivityFastSpan/EXP_span25ms_fast/Test/Parameters_00.xml floor=yes
patched /home/user/Nmsdk/Bin/Configs/SpikeSamples/StructTrain/SelectivityFastSpan/EXP_span25ms_fast/Test/Model_00.xml floor=yes
=== setup EXP_span25ms_fast_preinh ===
span=25.0ms alpha=0.0520833 SyncTol=0.0015 PeakMargin=0.002 AgreeMin=0.002 dmin=0.00416667
patched /home/user/Nmsdk/Bin/Configs/SpikeSamples/StructTrain/SelectivityFastSpan/EXP_span25ms_fast_preinh/Train/Parameters_00.xml floor=yes
patched /home/user/Nmsdk/Bin/Configs/SpikeSamples/StructTrain/SelectivityFastSpan/EXP_span25ms_fast_preinh/Train/Model_00.xml floor=yes
patched /home/user/Nmsdk/Bin/Configs/SpikeSamples/StructTrain/SelectivityFastSpan/EXP_span25ms_fast_preinh/Test/Parameters_00.xml floor=yes
patched /home/user/Nmsdk/Bin/Configs/SpikeSamples/StructTrain/SelectivityFastSpan/EXP_span25ms_fast_preinh/Test/Model_00.xml floor=yes
=== setup EXP_span25ms_fast_ts10k ===
span=25.0ms alpha=0.0520833 SyncTol=0.0015 PeakMargin=0.002 AgreeMin=0.002 dmin=0.00416667
patched /home/user/Nmsdk/Bin/Configs/SpikeSamples/StructTrain/SelectivityFastSpan/EXP_span25ms_fast_ts10k/Train/Parameters_00.xml floor=yes
patched /home/user/Nmsdk/Bin/Configs/SpikeSamples/StructTrain/SelectivityFastSpan/EXP_span25ms_fast_ts10k/Train/Model_00.xml floor=yes
patched /home/user/Nmsdk/Bin/Configs/SpikeSamples/StructTrain/SelectivityFastSpan/EXP_span25ms_fast_ts10k/Test/Parameters_00.xml floor=yes
patched /home/user/Nmsdk/Bin/Configs/SpikeSamples/StructTrain/SelectivityFastSpan/EXP_span25ms_fast_ts10k/Test/Model_00.xml floor=yes
=== setup EXP_span25ms_fast_preinh_ts10k ===
span=25.0ms alpha=0.0520833 SyncTol=0.0015 PeakMargin=0.002 AgreeMin=0.002 dmin=0.00416667
patched /home/user/Nmsdk/Bin/Configs/SpikeSamples/StructTrain/SelectivityFastSpan/EXP_span25ms_fast_preinh_ts10k/Train/Parameters_00.xml floor=yes
patched /home/user/Nmsdk/Bin/Configs/SpikeSamples/StructTrain/SelectivityFastSpan/EXP_span25ms_fast_preinh_ts10k/Train/Model_00.xml floor=yes
patched /home/user/Nmsdk/Bin/Configs/SpikeSamples/StructTrain/SelectivityFastSpan/EXP_span25ms_fast_preinh_ts10k/Test/Parameters_00.xml floor=yes
patched /home/user/Nmsdk/Bin/Configs/SpikeSamples/StructTrain/SelectivityFastSpan/EXP_span25ms_fast_preinh_ts10k/Test/Model_00.xml floor=yes
FastSpan setup done. Meta: /home/user/Nmsdk/Bin/Configs/SpikeSamples/StructTrain/SelectivityFastSpan/grid_cells.tsv
exp	neuron	span_ms	kind
EXP_span100ms_fast	NSPNeuronGenD002C25e11	100	fast
EXP_span100ms_fast_preinh	NSPNeuronGenPreinh2_5D002C25e11	100	preinh
EXP_span50ms_fast	NSPNeuronGenD002C25e11	50	fast
EXP_span50ms_fast_preinh	NSPNeuronGenPreinh2_5D002C25e11	50	preinh
EXP_span25ms_fast	NSPNeuronGenD002C25e11	25	fast
EXP_span25ms_fast_preinh	NSPNeuronGenPreinh2_5D002C25e11	25	preinh
EXP_span25ms_fast_ts10k	NSPNeuronGenD002C25e11	25	fast_ts10k
EXP_span25ms_fast_preinh_ts10k	NSPNeuronGenPreinh2_5D002C25e11	25	preinh_ts10k
